============================================================
1) GET /health
============================================================
{
  "database_path": "C:\\Users\\shubh\\OneDrive\\Desktop\\ai-devsecops\\app\\data\\devsecops.db",
  "openai_enabled": false,
  "scan_root": "C:\\Users\\shubh\\OneDrive\\Desktop\\ai-devsecops",
  "service": "AI DevSecOps",
  "status": "ok"
}

============================================================
2) GET /rules   (available security rules)
============================================================
{
  "rules": [
    {
      "description": "Dynamic SQL query construction was detected near a database execute call.",
      "id": "SQLI001",
      "recommendation": "Use parameterized queries and keep untrusted input out of SQL strings.",
      "severity": "critical",
      "title": "Possible SQL injection"
    },
    {
      "description": "A literal value appears to be assigned to a secret-like variable.",
      "id": "SECR001",
      "recommendation": "Load secrets from environment variables or a secrets manager instead of source code.",
      "severity": "high",
      "title": "Possible hardcoded secret"
    },
    {
      "description": "eval/exec can execute attacker-controlled code if fed untrusted input.",
      "id": "EXEC001",
      "recommendation": "Replace eval/exec with explicit parsing or a safe dispatch table.",
      "severity": "high",
      "title": "Dangerous dynamic execution"
    },
    {
      "description": "subprocess with shell=True can execute injected shell metacharacters.",
      "id": "CMDI001",
      "recommendation": "Pass argument lists to subprocess without shell=True and validate all inputs.",
      "severity": "critical",
      "title": "Command injection risk"
    },
    {
      "description": "Debug mode can expose internals and interactive consoles in deployed environments.",
      "id": "FLASK001",
      "recommendation": "Keep debug disabled outside local development and drive behavior through configuration.",
      "severity": "medium",
      "title": "Flask debug mode enabled"
    },
    {
      "description": "pickle loads can execute arbitrary code when parsing untrusted data.",
      "id": "DESER001",
      "recommendation": "Prefer safe serialization formats such as JSON for untrusted payloads.",
      "severity": "high",
      "title": "Unsafe deserialization"
    }
  ],
  "status": "ok"
}

============================================================
3) POST /scan   (scanning vulnerable code snippet)
============================================================
{
  "checksum": "d50b39700ded94822be3d112d15af2c6134354fc309294dcbabc0e19cb42a84c",
  "finding_count": 4,
  "findings": [
    {
      "description": "subprocess with shell=True can execute injected shell metacharacters.",
      "excerpt": "result = subprocess.call(user_input, shell=True)",
      "id": "CMDI001",
      "line": 6,
      "recommendation": "Pass argument lists to subprocess without shell=True and validate all inputs.",
      "severity": "critical",
      "title": "Command injection risk"
    },
    {
      "description": "Dynamic SQL query construction was detected near a database execute call.",
      "excerpt": "cursor = conn.execute(\"SELECT * FROM users WHERE name = '\" + query + \"'\")",
      "id": "SQLI001",
      "line": 13,
      "recommendation": "Use parameterized queries and keep untrusted input out of SQL strings.",
      "severity": "critical",
      "title": "Possible SQL injection"
    },
    {
      "description": "A literal value appears to be assigned to a secret-like variable.",
      "excerpt": "password = \"admin123\"",
      "id": "SECR001",
      "line": 17,
      "recommendation": "Load secrets from environment variables or a secrets manager instead of source code.",
      "severity": "high",
      "title": "Possible hardcoded secret"
    },
    {
      "description": "A literal value appears to be assigned to a secret-like variable.",
      "excerpt": "api_key = \"sk-abc123secret\"",
      "id": "SECR001",
      "line": 18,
      "recommendation": "Load secrets from environment variables or a secrets manager instead of source code.",
      "severity": "high",
      "title": "Possible hardcoded secret"
    }
  ],
  "scan_id": 5,
  "severity_breakdown": {
    "critical": 2,
    "high": 2
  },
  "source_type": "inline",
  "status": "needs_attention",
  "target_name": "vulnerable_example.py"
}

============================================================
SUMMARY
============================================================
  Status       : needs_attention
  Findings     : 4
  Severity     : {"critical": 2, "high": 2}
  -> [CRITICAL] Command injection risk  (line 6)
  -> [CRITICAL] Possible SQL injection  (line 13)
  -> [HIGH] Possible hardcoded secret  (line 17)
  -> [HIGH] Possible hardcoded secret  (line 18)
